JSCompiler_StaticMethods__peek_at:qi
JSCompiler_StaticMethods__run:oi
JSCompiler_StaticMethods__set_opts:ri
JSCompiler_StaticMethods_add_after_render:Th
JSCompiler_StaticMethods_assoc_BANG_:Qf
JSCompiler_StaticMethods_cljs$core$ITransientVector$_assoc_n_BANG_$arity$3:af
JSCompiler_StaticMethods_flush_after_render:Rh
JSCompiler_StaticMethods_schedule:Sh
JSCompiler_StaticMethods_sval:Kd
JSCompiler_prototypeAlias:g
L 0:a
L 1:b
L 10:n
L 11:r
L 12:t
L 13:x
L 14:F
L 15:N
L 16:V
L 17:Z
L 18:ja
L 19:ua
L 2:c
L 20:Ha
L 21:da
L 22:p
L 23:z
L 24:A
L 25:C
L 26:E
L 27:G
L 28:H
L 29:M
L 3:d
L 30:P
L 31:S
L 32:U
L 33:Y
L 34:ba
L 35:fa
L 36:ma
L 37:ta
L 38:Aa
L 39:Ga
L 4:e
L 40:Za
L 41:Hb
L 42:Hc
L 43:Rd
L 5:f
L 6:h
L 7:k
L 8:l
L 9:m
cljs:ra
cljs$core:sa
cljs$core$ArrayChunk:Md
cljs$core$ArrayNode:Af
cljs$core$ArrayNodeIterator:Ef
cljs$core$ArrayNodeSeq:Lf
cljs$core$Atom:le
cljs$core$BitmapIndexedNode:wf
cljs$core$BitmapIndexedNode$EMPTY:zf
cljs$core$Box:pf
cljs$core$ChunkBuffer:Ld
cljs$core$ChunkedCons:Nd
cljs$core$ChunkedSeq:Ve
cljs$core$Cons:Fd
cljs$core$ES6EntriesIterator:ef
cljs$core$ES6Iterator:wc
cljs$core$ES6IteratorSeq:yc
cljs$core$ES6SetEntriesIterator:ff
cljs$core$EmptyList:Ed
cljs$core$Fn:Ra
cljs$core$HashCollisionNode:If
cljs$core$HashMapIter:Nf
cljs$core$HashSetIter:Yf
cljs$core$ICollection:Xa
cljs$core$ICounted:Ta
cljs$core$IEmptyableCollection:Va
cljs$core$IEncodeJS:wg
cljs$core$IFn:Sa
cljs$core$IIndexed:$a
cljs$core$IIndexed$_nth$dyn_9310:bb
cljs$core$IIterable:ac
cljs$core$IKVReduce:Bb
cljs$core$IList:Jb
cljs$core$ILookup:fb
cljs$core$ILookup$_lookup$dyn_9319:hb
cljs$core$IMap:kb
cljs$core$IMeta:vb
cljs$core$INIT:fe
cljs$core$INext:eb
cljs$core$IPrintWithWriter:Mb
cljs$core$IRecord:Kb
cljs$core$IReduce:yb
cljs$core$IReduce$_reduce$dyn_9353:Ab
cljs$core$ISeq:cb
cljs$core$ISeqable:Fb
cljs$core$ISequential:Ib
cljs$core$ISet:ob
cljs$core$ISwap$_swap_BANG_$dyn_9426:$b
cljs$core$ITER_SYMBOL:Ka
cljs$core$IVector:sb
cljs$core$IndexedSeq:rc
cljs$core$IndexedSeqIterator:Rc
cljs$core$KeySeq:Sf
cljs$core$Keyword:J
cljs$core$LazySeq:Jd
cljs$core$List:Xc
cljs$core$List$EMPTY:uc
cljs$core$MapEntry:Ie
cljs$core$MetaFn:cd
cljs$core$NeverEquiv:bf
cljs$core$NodeIterator:vf
cljs$core$NodeSeq:Jf
cljs$core$PROTOCOL_SENTINEL:u
cljs$core$PersistentArrayMap:ya
cljs$core$PersistentArrayMap$EMPTY:ee
cljs$core$PersistentArrayMap$HASHMAP_THRESHOLD:mf
cljs$core$PersistentArrayMapIterator:hf
cljs$core$PersistentArrayMapSeq:gf
cljs$core$PersistentHashMap:Of
cljs$core$PersistentHashMap$EMPTY:nf
cljs$core$PersistentHashSet:Zf
cljs$core$PersistentHashSet$EMPTY:ag
cljs$core$PersistentVector:He
cljs$core$PersistentVector$EMPTY:Wc
cljs$core$PersistentVector$EMPTY_NODE:Je
cljs$core$PersistentVector$fromArray:Pe
cljs$core$RangedIterator:De
cljs$core$Reduced:Ec
cljs$core$START:ge
cljs$core$SeqIter:he
cljs$core$StringBufferWriter:cc
cljs$core$Subvec:Xe
cljs$core$Symbol:oc
cljs$core$TransientArrayMap:lf
cljs$core$TransientHashMap:Pf
cljs$core$TransientHashSet:$f
cljs$core$TransientVector:Ke
cljs$core$ValSeq:Tf
cljs$core$VectorNode:se
cljs$core$_EQ_:vc
cljs$core$_STAR_print_level_STAR_:wa
cljs$core$_add_watch:Ob
cljs$core$_as_transient:Rb
cljs$core$_assoc:ib
cljs$core$_assoc_BANG_:Ub
cljs$core$_assoc_n:tb
cljs$core$_chunked_first:Wb
cljs$core$_chunked_rest:Xb
cljs$core$_clj__GT_js:xg
cljs$core$_conj:Ya
cljs$core$_conj_BANG_:Sb
cljs$core$_count:Ua
cljs$core$_deref:ub
cljs$core$_disjoin:pb
cljs$core$_dissoc:lb
cljs$core$_drop_first:Vb
cljs$core$_empty:Wa
cljs$core$_equiv:Db
cljs$core$_find:jb
cljs$core$_first:D
cljs$core$_hash:Eb
cljs$core$_indexOf$cljs$0core$0IFn$0_invoke$0arity$03:R
cljs$core$_iterator:bc
cljs$core$_key:mb
cljs$core$_kv_reduce:Cb
cljs$core$_lastIndexOf$cljs$0core$0IFn$0_invoke$0arity$03:W
cljs$core$_lookup:gb
cljs$core$_meta:wb
cljs$core$_nth:ab
cljs$core$_peek:qb
cljs$core$_persistent_BANG_:Tb
cljs$core$_pop:rb
cljs$core$_pr_writer:Nb
cljs$core$_reduce:zb
cljs$core$_remove_watch:Qb
cljs$core$_reset_BANG_:Yb
cljs$core$_rest:db
cljs$core$_seq:Gb
cljs$core$_swap_BANG_:Zb
cljs$core$_val:nb
cljs$core$_with_meta:xb
cljs$core$_write:Lb
cljs$core$aclone:La
cljs$core$apply:dd
cljs$core$apply$cljs$0core$0IFn$0_invoke$0arity$02:$d
cljs$core$apply$cljs$0core$0IFn$0_invoke$0arity$03:ae
cljs$core$apply$cljs$0core$0IFn$0_invoke$0arity$05:be
cljs$core$apply$cljs$0core$0IFn$0_invoke$0arity$0variadic:ce
cljs$core$apply_to:Ud
cljs$core$apply_to_simple$cljs$0core$0IFn$0_invoke$0arity$03:Wd
cljs$core$apply_to_simple$cljs$0core$0IFn$0_invoke$0arity$04:Xd
cljs$core$apply_to_simple$cljs$0core$0IFn$0_invoke$0arity$05:Yd
cljs$core$apply_to_simple$cljs$0core$0IFn$0_invoke$0arity$06:Zd
cljs$core$array:Ma
cljs$core$array_QMARK_:Fa
cljs$core$array__GT_transient_hash_map:of
cljs$core$array_copy:pd
cljs$core$array_for:Ae
cljs$core$array_index_of:$c
cljs$core$array_reduce$cljs$0core$0IFn$0_invoke$0arity$02:Kc
cljs$core$array_reduce$cljs$0core$0IFn$0_invoke$0arity$03:Lc
cljs$core$array_reduce$cljs$0core$0IFn$0_invoke$0arity$04:Mc
cljs$core$assoc:Zc
cljs$core$bit_count:Dd
cljs$core$boolean$0:rd
cljs$core$bounded_count:Qd
cljs$core$build_subvec:Ye
cljs$core$char_escapes:gg
cljs$core$chunk_append:Pd
cljs$core$chunk_cons:Od
cljs$core$chunked_seq:Oe
cljs$core$chunked_seq$cljs$0core$0IFn$0_invoke$0arity$04:Ne
cljs$core$chunked_seq$cljs$0core$0IFn$0_invoke$0arity$05:We
cljs$core$chunked_seq_QMARK_:od
cljs$core$ci_reduce$cljs$0core$0IFn$0_invoke$0arity$02:Ic
cljs$core$ci_reduce$cljs$0core$0IFn$0_invoke$0arity$03:Jc
cljs$core$clj__GT_js:zg
cljs$core$clone_and_set$cljs$0core$0IFn$0_invoke$0arity$03:rf
cljs$core$coll_QMARK_:id
cljs$core$conj:Vc
cljs$core$conj_BANG_:Td
cljs$core$cons:Tc
cljs$core$contains_QMARK_:td
cljs$core$count:T
cljs$core$counted_QMARK_:Nc
cljs$core$create_array_node_seq:Gf
cljs$core$create_array_node_seq$cljs$0core$0IFn$0_invoke$0arity$01:Ff
cljs$core$create_array_node_seq$cljs$0core$0IFn$0_invoke$0arity$03:Mf
cljs$core$create_inode_seq:yf
cljs$core$create_inode_seq$cljs$0core$0IFn$0_invoke$0arity$01:xf
cljs$core$create_inode_seq$cljs$0core$0IFn$0_invoke$0arity$03:Kf
cljs$core$create_node:Cf
cljs$core$create_node$cljs$0core$0IFn$0_invoke$0arity$06:Df
cljs$core$create_node$cljs$0core$0IFn$0_invoke$0arity$07:Bf
cljs$core$deref:Gc
cljs$core$disj:gd
cljs$core$dissoc:ad
cljs$core$do_assoc:Be
cljs$core$drop$cljs$0core$0IFn$0_invoke$0arity$02:pe
cljs$core$drop_last$cljs$0core$0IFn$0_invoke$0arity$02:qe
cljs$core$edit_and_set$cljs$0core$0IFn$0_invoke$0arity$04:tf
cljs$core$empty_QMARK_:hd
cljs$core$empty_ordered_hash:Ac
cljs$core$empty_unordered_hash:Cc
cljs$core$equiv_map:df
cljs$core$equiv_sequential:Sc
cljs$core$es6_iterator:xc
cljs$core$es6_iterator_seq:sc
cljs$core$every_QMARK_:ie
cljs$core$first:O
cljs$core$fn_QMARK_:bd
cljs$core$gensym$cljs$0core$0IFn$0_invoke$0arity$01:vg
cljs$core$gensym_counter:ug
cljs$core$get:I
cljs$core$hash:mc
cljs$core$hash_collision_node_find_index:Hf
cljs$core$hash_combine:nc
cljs$core$hash_map:Rf
cljs$core$hash_ordered_coll:zc
cljs$core$hash_string:lc
cljs$core$hash_unordered_coll:Bc
cljs$core$identity:Ad
cljs$core$ifn_QMARK_:sd
cljs$core$imul:ec
cljs$core$inc:Dc
cljs$core$indexed_QMARK_:Oc
cljs$core$inode_kv_reduce:uf
cljs$core$into:re
cljs$core$into_array$cljs$0core$0IFn$0_invoke$0arity$02:Na
cljs$core$iter_reduce$cljs$0core$0IFn$0_invoke$0arity$02:wd
cljs$core$iter_reduce$cljs$0core$0IFn$0_invoke$0arity$03:xd
cljs$core$iterable_QMARK_:qc
cljs$core$js_symbol_QMARK_:Qa
cljs$core$keep$cljs$0core$0IFn$0_invoke$0arity$02:ke
cljs$core$key:Se
cljs$core$key__GT_js$cljs$0core$0IFn$0_invoke$0arity$02:yg
cljs$core$key_test:qf
cljs$core$keys:jf
cljs$core$keyword:Hd
cljs$core$lift_ns:rg
cljs$core$linear_traversal_nth$cljs$0core$0IFn$0_invoke$0arity$03:Yc
cljs$core$lookup_sentinel:qd
cljs$core$m3_fmix:hc
cljs$core$m3_hash_unencoded_chars:ic
cljs$core$m3_mix_H1:gc
cljs$core$m3_mix_K1:fc
cljs$core$map:oe
cljs$core$map_QMARK_:ld
cljs$core$map_entry_QMARK_:Re
cljs$core$merge:Uf
cljs$core$meta:fd
cljs$core$missing_protocol:y
cljs$core$name:Id
cljs$core$namespace:Gd
cljs$core$native_satisfies_QMARK_:w
cljs$core$never_equiv:cf
cljs$core$new_path:we
cljs$core$next:Q
cljs$core$next_STAR_:Vd
cljs$core$nil_iter:de
cljs$core$not:Ia
cljs$core$nth:Qc
cljs$core$nth$cljs$0core$0IFn$0_invoke$0arity$02:Pc
cljs$core$nth$cljs$0core$0IFn$0_invoke$0arity$03:X
cljs$core$pop_tail:Ce
cljs$core$pr_opts:xa
cljs$core$pr_sb_with_opts:og
cljs$core$pr_sequential_writer:dg
cljs$core$pr_str_STAR_:dc
cljs$core$pr_str_with_opts:pg
cljs$core$pr_writer:kg
cljs$core$pr_writer_impl:jg
cljs$core$prim_seq$cljs$0core$0IFn$0_invoke$0arity$02:Uc
cljs$core$print_map:lg
cljs$core$print_meta_QMARK_:ig
cljs$core$print_prefix_map:sg
cljs$core$push_tail:xe
cljs$core$pv_clone_node:ue
cljs$core$pv_fresh_node:te
cljs$core$pv_reduce$cljs$0core$0IFn$0_invoke$0arity$04:Fe
cljs$core$pv_reduce$cljs$0core$0IFn$0_invoke$0arity$05:Ge
cljs$core$quot:Cd
cljs$core$quote_string:hg
cljs$core$ranged_iterator:Ee
cljs$core$re_matches:cg
cljs$core$record_QMARK_:md
cljs$core$reduce:Pa
cljs$core$reduce$cljs$0core$0IFn$0_invoke$0arity$02:yd
cljs$core$reduce$cljs$0core$0IFn$0_invoke$0arity$03:Oa
cljs$core$reduce_kv:zd
cljs$core$reduced_QMARK_:Fc
cljs$core$remove_pair:sf
cljs$core$reset_BANG_:me
cljs$core$rest:tc
cljs$core$select_keys:Vf
cljs$core$seq:K
cljs$core$seq_reduce$cljs$0core$0IFn$0_invoke$0arity$02:ud
cljs$core$seq_reduce$cljs$0core$0IFn$0_invoke$0arity$03:vd
cljs$core$sequential_QMARK_:kd
cljs$core$set:bg
cljs$core$set_QMARK_:jd
cljs$core$some:je
cljs$core$spread:Sd
cljs$core$str:B
cljs$core$string_hash_cache:jc
cljs$core$string_hash_cache_count:kc
cljs$core$strip_ns:qg
cljs$core$swap_BANG_:ne
cljs$core$symbol:pc
cljs$core$t_cljs$0core7981:va
cljs$core$tail_off:ve
cljs$core$transduce$cljs$0core$0IFn$0_invoke$0arity$04:Bd
cljs$core$truth_:v
cljs$core$tv_editable_root:Le
cljs$core$tv_editable_tail:Me
cljs$core$tv_ensure_editable:Ze
cljs$core$tv_push_tail:$e
cljs$core$type__GT_str:Ja
cljs$core$unchecked_array_for:ze
cljs$core$val:Te
cljs$core$vals:kf
cljs$core$vec:Qe
cljs$core$vector:Ue
cljs$core$vector_QMARK_:nd
cljs$core$vector_index_out_of_bounds:ye
cljs$core$with_meta:ed
cljs$core$write_all$cljs$0core$0IFn$0_invoke$0arity$0variadic:fg
cljs$cst$keyword$alt_DASH_impl:mg
cljs$cst$keyword$auto_DASH_run:Cg
cljs$cst$keyword$bg_DASH_color:nh
cljs$cst$keyword$bg_DASH_opacity:Dg
cljs$cst$keyword$cadence:Mg
cljs$cst$keyword$callback:oh
cljs$cst$keyword$childContextTypes:Ig
cljs$cst$keyword$class:Lg
cljs$cst$keyword$className:mh
cljs$cst$keyword$cljsLegacyRender:Og
cljs$cst$keyword$cljs_DOT_core_SLASH_not_DASH_found:Xf
cljs$cst$keyword$componentWillUnmount:bh
cljs$cst$keyword$component_DASH_did_DASH_update:Wg
cljs$cst$keyword$component_DASH_will_DASH_unmount:lh
cljs$cst$keyword$constructor:Hg
cljs$cst$keyword$contextType:dh
cljs$cst$keyword$contextTypes:ih
cljs$cst$keyword$desc:Rg
cljs$cst$keyword$displayName:Eg
cljs$cst$keyword$display_DASH_name:hh
cljs$cst$keyword$div:gh
cljs$cst$keyword$dup:Da
cljs$cst$keyword$fallback_DASH_impl:ng
cljs$cst$keyword$flush_DASH_on_DASH_newline:za
cljs$cst$keyword$function_DASH_components:Yg
cljs$cst$keyword$getDerivedStateFromError:Gg
cljs$cst$keyword$getDerivedStateFromProps:eh
cljs$cst$keyword$getInitialState:Sg
cljs$cst$keyword$id:kh
cljs$cst$keyword$key:$g
cljs$cst$keyword$keyword_DASH_fn:Ag
cljs$cst$keyword$meta:Ca
cljs$cst$keyword$more_DASH_marker:eg
cljs$cst$keyword$name:Qg
cljs$cst$keyword$no_DASH_cache:Ug
cljs$cst$keyword$on_DASH_click:Ng
cljs$cst$keyword$on_DASH_dispose:Fg
cljs$cst$keyword$on_DASH_set:Tg
cljs$cst$keyword$on_DASH_write:Zg
cljs$cst$keyword$p:ch
cljs$cst$keyword$print_DASH_length:Ea
cljs$cst$keyword$readably:Ba
cljs$cst$keyword$reagentRender:Pg
cljs$cst$keyword$reagent_DASH_render:Xg
cljs$cst$keyword$render:Bg
cljs$cst$keyword$running:Kg
cljs$cst$keyword$seconds:ah
cljs$cst$keyword$shouldComponentUpdate:jh
cljs$cst$keyword$timer_DASH_fn:Jg
cljs$cst$keyword$val:tg
cljs$cst$keyword$validator:fh
cljs$cst$keyword$with_DASH_let9795:Vg
clojure$set$difference:Zh
clojure$string$join$cljs$0core$0IFn$0_invoke$0arity$02:xh
clojure$string$replace:wh
clojure$string$replace_all:uh
clojure$string$replace_with:vh
clojure$string$split$cljs$0core$0IFn$0_invoke$0arity$03:yh
cur$jscomp$inline_1228:xj
goog$UID_PROPERTY_:ea
goog$dom$TagName:ia
goog$getUid:ca
goog$global:aa
goog$object$PROTOTYPE_FIELDS_:na
goog$object$createSet:pa
goog$object$extend:oa
goog$object$get:la
goog$object$getKeys:ka
goog$string$StringBuffer:qa
goog$typeOf:q
goog$uidCounter_:ha
metronome$core$counter_row:uj
metronome$core$home_page:sj
metronome$core$on_row_click:tj
module$node_modules$react$index:th
module$node_modules$react_dom$index:oj
opt_object$jscomp$inline_1225:vj
part$jscomp$inline_1229:yj
parts$jscomp$inline_1227:wj
reagent:zh
reagent$dom$render$cljs$0core$0IFn$0_invoke$0arity$03:rj
reagent$dom$render_comp:qj
reagent$dom$roots:pj
reagent$impl:Ah
reagent$impl$batching$compare_mount_order:Oh
reagent$impl$batching$fake_raf:Mh
reagent$impl$batching$mount_count:Lh
reagent$impl$batching$next_tick:Nh
reagent$impl$batching$queue_render:Vh
reagent$impl$batching$ratom_flush:Ph
reagent$impl$batching$render_queue:Uh
reagent$impl$batching$run_funs:Qh
reagent$impl$component$_STAR_current_component_STAR_:wi
reagent$impl$component$built_in_static_method_names:Wf
reagent$impl$component$cache_react_class:Ji
reagent$impl$component$camelify_map_keys:Ei
reagent$impl$component$cljsify:Hi
reagent$impl$component$create_class:Ii
reagent$impl$component$custom_wrapper:Ai
reagent$impl$component$dash_to_method_name:Di
reagent$impl$component$functional_render:Li
reagent$impl$component$functional_render_fn:Ni
reagent$impl$component$functional_render_memo_fn:Mi
reagent$impl$component$functional_wrap_render:Ki
reagent$impl$component$get_wrapper:Bi
reagent$impl$component$map_to_js:Gi
reagent$impl$component$obligatory:Ci
reagent$impl$component$props_argv:xi
reagent$impl$component$rat_opts:vi
reagent$impl$component$reagent_class_QMARK_:yi
reagent$impl$component$wrap_funs:Fi
reagent$impl$component$wrap_render:zi
reagent$impl$input$input_component_set_value:Qi
reagent$impl$input$input_handle_change:Ri
reagent$impl$input$input_node_set_value:Pi
reagent$impl$input$input_render_setup:Si
reagent$impl$input$input_spec:Ti
reagent$impl$input$these_inputs_have_selection_api:Oi
reagent$impl$protocols$as_element:Xh
reagent$impl$protocols$get_id:Wh
reagent$impl$protocols$make_element:Yh
reagent$impl$template:Ui
reagent$impl$template$HiccupTag:fj
reagent$impl$template$cache_get:Yi
reagent$impl$template$convert_custom_prop_value:cj
reagent$impl$template$convert_prop_value:$i
reagent$impl$template$custom_kv_conv:bj
reagent$impl$template$custom_prop_name_cache:aj
reagent$impl$template$default_compiler:nj
reagent$impl$template$expand_seq:lj
reagent$impl$template$function_element:hj
reagent$impl$template$kv_conv:Zi
reagent$impl$template$make_element:ej
reagent$impl$template$maybe_function_element:ij
reagent$impl$template$native_element:kj
reagent$impl$template$prop_name_cache:Xi
reagent$impl$template$re_tag:Wi
reagent$impl$template$reag_element:gj
reagent$impl$template$set_id_class:dj
reagent$impl$template$t_reagent$0impl$0template9592:Vi
reagent$impl$template$tag_name_cache:jj
reagent$impl$template$vec_to_elem:mj
reagent$impl$util$_STAR_always_update_STAR_:Ih
reagent$impl$util$capitalize:Dh
reagent$impl$util$class_names:Hh
reagent$impl$util$dash_to_prop_name:Eh
reagent$impl$util$dont_camel_case:Ch
reagent$impl$util$fun_name:Fh
reagent$impl$util$get_react_key:Jh
reagent$impl$util$is_client:Bh
reagent$impl$util$named_QMARK_:Gh
reagent$impl$util$react_key_from_vec:Kh
reagent$ratom$RAtom:hi
reagent$ratom$Reaction:pi
reagent$ratom$_STAR_ratom_context_STAR_:$h
reagent$ratom$add_w:ci
reagent$ratom$atom:ii
reagent$ratom$cached_reaction:ji
reagent$ratom$deref_capture:ai
reagent$ratom$dispose_BANG_:ni
reagent$ratom$flush_BANG_:si
reagent$ratom$handle_reaction_change:Pb
reagent$ratom$make_reaction:li
reagent$ratom$notify_deref_watcher_BANG_:bi
reagent$ratom$notify_w:ei
reagent$ratom$pr_atom:fi
reagent$ratom$rea_queue:gi
reagent$ratom$remove_w:di
reagent$ratom$run_in_reaction:ui
reagent$ratom$temp_reaction:ti
reagent$ratom$with_let_destroy:ki
reagent$ratom$with_let_values:mi
shadow$js$files:ph
shadow$js$jsRequire:sh
shadow$js$nativeRequires:qh
shadow$js$requireStack:rh
